mode=sm_mc_fake

#background_file=/data/blue/anlevin/ntuples/wpwpjj_qcd_v101.root,wpwpjjqcd,none
background_file=/afs/cern.ch/work/a/anlevin/data/flattish_ntuples/wzjj_highmll_v1.root,wzjj,none
#background_file=/data/blue/anlevin/ntuples/wjwj-dps_v101.root,wjwjdps,none
#background_file=/data/blue/anlevin/ntuples/zjets_v201_skim.root,zjets,none
background_file=/afs/cern.ch/work/a/anlevin/data/flattish_ntuples/wgjj_v1.root,wgjets,none

signal_file=/afs/cern.ch/work/a/anlevin/data/flattish_ntuples/wpwpjj_ewk_qcd_v1.root

data_file=/afs/cern.ch/work/a/anlevin/data/flattish_ntuples/run2015_v1_skim.root

lumi=2.215

variable=mjj

outfile=histograms.root

datacard_base=datacard

channel=all

charge=both
